// Jest Snapshot v1, https://goo.gl/fbAQLP

exports[`SearchContentPagination should render SearchContentPagination component 1`] = `""`;
