// Jest Snapshot v1, https://goo.gl/fbAQLP

exports[`Query should render Query component 1`] = `""`;
