// Jest Snapshot v1, https://goo.gl/fbAQLP

exports[`Modal should render Modal component 1`] = `""`;
