// Jest Snapshot v1, https://goo.gl/fbAQLP

exports[`NodeInfo should render NodeInfo component 1`] = `""`;
