// Jest Snapshot v1, https://goo.gl/fbAQLP

exports[`TabContent should render TabContent component 1`] = `<div />`;
