// Jest Snapshot v1, https://goo.gl/fbAQLP

exports[`App should render the App component 1`] = `
<div
  className="main"
>
  <Connect(Sidebar) />
  <Connect(TabContent)
    tabKey="search"
  >
    <Connect(Search) />
  </Connect(TabContent)>
  <Connect(TabContent)
    tabKey="map"
  >
    <Connect(Stage) />
  </Connect(TabContent)>
  <Connect(TabContent)
    tabKey="favorites"
  >
    <Connect(Favorites) />
  </Connect(TabContent)>
  <Loading
    iconSize="big"
  />
  <Connect(Modal) />
</div>
`;
