// Jest Snapshot v1, https://goo.gl/fbAQLP

exports[`Monit should render Monit component 1`] = `""`;
