// Jest Snapshot v1, https://goo.gl/fbAQLP

exports[`NodeEdges should render NodeEdges component 1`] = `
<div
  className="sub-node-edges"
/>
`;
